Script started on 2019-03-19 04:56:45+0000
]0;root@ip-172-31-28-177:/home/ec2-user[?1034h[root@ip-172-31-28-177 ec2-user]# git -v
unknown option: -v
usage: git [--version] [--help] [-C <path>] [-c <name>=<value>]
           [--exec-path[=<path>]] [--html-path] [--man-path] [--info-path]
           [-p | --paginate | --no-pager] [--no-replace-objects] [--bare]
           [--git-dir=<path>] [--work-tree=<path>] [--namespace=<name>]
           <command> [<args>]
]0;root@ip-172-31-28-177:/home/ec2-user[root@ip-172-31-28-177 ec2-user]# git -v[K-version
git version 2.17.2
]0;root@ip-172-31-28-177:/home/ec2-user[root@ip-172-31-28-177 ec2-user]# git config --glov[Kbal user.name "suman"
]0;root@ip-172-31-28-177:/home/ec2-user[root@ip-172-31-28-177 ec2-user]# git config --global user.name "suman"[1P"[1P"[1P"[1P"[1P"s"u"m"a"n"k"u"m"a"r"@"g"m"a"i"l"."c"o"m"[1P "sumankumar@gmail.com"[1P "sumankumar@gmail.com"[1P "sumankumar@gmail.com"[1P "sumankumar@gmail.com"e "sumankumar@gmail.com"m "sumankumar@gmail.com"a "sumankumar@gmail.com"i "sumankumar@gmail.com"l "sumankumar@gmail.com"[C[C[C[C[C[C[C[C[C[C[C[C[C[C[C[C[C[C[C[C[C[C[C
]0;root@ip-172-31-28-177:/home/ec2-user[root@ip-172-31-28-177 ec2-user]# git config --global push.defult[K[K[Kault simple
]0;root@ip-172-31-28-177:/home/ec2-user[root@ip-172-31-28-177 ec2-user]# git config --list
[?1h=user.name=suman[m
user.email=sumankumar@gmail.com[m
push.default=simple[m
[K[?1l>]0;root@ip-172-31-28-177:/home/ec2-user[root@ip-172-31-28-177 ec2-user]# git config --listglobal push.default simple[K[K[K[K[K[Kmatching
]0;root@ip-172-31-28-177:/home/ec2-user[root@ip-172-31-28-177 ec2-user]# git config --global push.default matchinglist[K
[?1h=user.name=suman[m
user.email=sumankumar@gmail.com[m
push.default=matching[m
[K[?1l>]0;root@ip-172-31-28-177:/home/ec2-user[root@ip-172-31-28-177 ec2-user]# git config --listglobal push.default matchinglist[Kglobal push.default matchinglist[Kglobal push.default simple
]0;root@ip-172-31-28-177:/home/ec2-user[root@ip-172-31-28-177 ec2-user]# git config --global push.default simplelist[K
[?1h=user.name=suman[m
user.email=sumankumar@gmail.com[m
push.default=simple[m
[K[?1l>]0;root@ip-172-31-28-177:/home/ec2-user[root@ip-172-31-28-177 ec2-user]# git config --list[1Plist[1Plist
error: key does not contain a section: list
]0;root@ip-172-31-28-177:/home/ec2-user[root@ip-172-31-28-177 ec2-user]# echo "# devops" >> README.md
]0;root@ip-172-31-28-177:/home/ec2-user[root@ip-172-31-28-177 ec2-user]# [K[root@ip-172-31-28-177 ec2-user]# git init
Initialized empty Git repository in /home/ec2-user/.git/
]0;root@ip-172-31-28-177:/home/ec2-user[root@ip-172-31-28-177 ec2-user]# git add README.md
]0;root@ip-172-31-28-177:/home/ec2-user[root@ip-172-31-28-177 ec2-user]# git commit -m "New Commit"
[master (root-commit) 8ecce03] New Commit
 1 file changed, 1 insertion(+)
 create mode 100644 README.md
]0;root@ip-172-31-28-177:/home/ec2-user[root@ip-172-31-28-177 ec2-user]# git remote add origin https://github.com/sumankum/devops.git
]0;root@ip-172-31-28-177:/home/ec2-user[root@ip-172-31-28-177 ec2-user]# git push -u origin master
Username for 'https://github.com': sumankum
Password for 'https://sumankum@github.com': 
remote: Invalid username or password.
fatal: Authentication failed for 'https://github.com/sumankum/devops.git/'
]0;root@ip-172-31-28-177:/home/ec2-user[root@ip-172-31-28-177 ec2-user]# git push -u origin master
Username for 'https://github.com': sumankum
Password for 'https://sumankum@github.com': 
Counting objects: 3, done.
Writing objects:  33% (1/3)   Writing objects:  66% (2/3)   Writing objects: 100% (3/3)   Writing objects: 100% (3/3), 216 bytes | 216.00 KiB/s, done.
Total 3 (delta 0), reused 0 (delta 0)
To https://github.com/sumankum/devops.git
 * [new branch]      master -> master
Branch 'master' set up to track remote branch 'master' from 'origin'.
]0;root@ip-172-31-28-177:/home/ec2-user[root@ip-172-31-28-177 ec2-user]# mkdir test
]0;root@ip-172-31-28-177:/home/ec2-user[root@ip-172-31-28-177 ec2-user]# git add test
]0;root@ip-172-31-28-177:/home/ec2-user[root@ip-172-31-28-177 ec2-user]# git commit -m "New Commit"[1P"[1P"[1P"[1P"[1P"[1P"[1P"[1P"[1P"[1P"d"i"r"e"c"[1P"[1P"c"o"t"[1P"[1P"[1P" "c"o"m"m"i"t"[C
On branch master
Your branch is up to date with 'origin/master'.

Untracked files:
	[31m.bash_logout[m
	[31m.bash_profile[m
	[31m.bashrc[m
	[31m.ssh/[m
	[31mtypescript[m

nothing added to commit but untracked files present
]0;root@ip-172-31-28-177:/home/ec2-user[root@ip-172-31-28-177 ec2-user]# git commit -m "dir commit"[14Padd test[K[K[K[K[K[K[K[K[K[K[K[Kls -a
[0m[01;34m.[0m  [01;34m..[0m  .bash_logout  .bash_profile  .bashrc  [01;34m.git[0m  README.md  [01;34m.ssh[0m  [01;34mtest[0m  typescript
]0;root@ip-172-31-28-177:/home/ec2-user[root@ip-172-31-28-177 ec2-user]# cat .bash_logout
# ~/.bash_logout

]0;root@ip-172-31-28-177:/home/ec2-user[root@ip-172-31-28-177 ec2-user]# cz[Kat .bash_profile
# .bash_profile

# Get the aliases and functions
if [ -f ~/.bashrc ]; then
	. ~/.bashrc
fi

# User specific environment and startup programs

PATH=$PATH:$HOME/.local/bin:$HOME/bin

export PATH
]0;root@ip-172-31-28-177:/home/ec2-user[root@ip-172-31-28-177 ec2-user]# cat .bashrc
# .bashrc

# Source global definitions
if [ -f /etc/bashrc ]; then
	. /etc/bashrc
fi

# Uncomment the following line if you don't like systemctl's auto-paging feature:
# export SYSTEMD_PAGER=

# User specific aliases and functions
]0;root@ip-172-31-28-177:/home/ec2-user[root@ip-172-31-28-177 ec2-user]# cat .bashrc_profile[1Plogoutls -a[Kgit commit -m "dir commit"[14Padd test[2Pmkdir[C[C[C[C[Cgit push -u origin master
Username for 'https://github.com': sumankum
Password for 'https://sumankum@github.com': 
Branch 'master' set up to track remote branch 'master' from 'origin'.
Everything up-to-date
]0;root@ip-172-31-28-177:/home/ec2-user[root@ip-172-31-28-177 ec2-user]# git push -u origin master[14Pcat .bashrc_profile[1Plogoutls -a[Kgit commit -m "dir commit"[14Padd test
]0;root@ip-172-31-28-177:/home/ec2-user[root@ip-172-31-28-177 ec2-user]# git add testpush -u origin master[14Pcat .bashrc_profile[1Plogoutls -a[Kgit commit -m "dir commit"[1P[1@a
fatal: Paths with -a does not make sense.
]0;root@ip-172-31-28-177:/home/ec2-user[root@ip-172-31-28-177 ec2-user]# git commit -a "dir commit"[1P[1@-
error: pathspec 'dir commit' did not match any file(s) known to git.
]0;root@ip-172-31-28-177:/home/ec2-user[root@ip-172-31-28-177 ec2-user]# git commit -- "dir commit"a[C[C[C[C[C[C[C[C[C[C[C[C[C[14Padd test[K[K[K[K.
]0;root@ip-172-31-28-177:/home/ec2-user[root@ip-172-31-28-177 ec2-user]# git add .commit -- "dir commit"[1P[1@m
[master 7027372] dir commit
 5 files changed, 73 insertions(+)
 create mode 100644 .bash_logout
 create mode 100644 .bash_profile
 create mode 100644 .bashrc
 create mode 100644 .ssh/authorized_keys
 create mode 100644 typescript
]0;root@ip-172-31-28-177:/home/ec2-user[root@ip-172-31-28-177 ec2-user]# git commit -m "dir commit"add .[Kcommit -- "dir commit"a[C[C[C[C[C[C[C[C[C[C[C[C[C[14Padd testpush -u origin master
Username for 'https://github.com': sumankum
Password for 'https://sumankum@github.com': 
Counting objects: 8, done.
Compressing objects:  16% (1/6)   Compressing objects:  33% (2/6)   Compressing objects:  50% (3/6)   Compressing objects:  66% (4/6)   Compressing objects:  83% (5/6)   Compressing objects: 100% (6/6)   Compressing objects: 100% (6/6), done.
Writing objects:  12% (1/8)   Writing objects:  25% (2/8)   Writing objects:  37% (3/8)   Writing objects:  50% (4/8)   Writing objects:  62% (5/8)   Writing objects:  75% (6/8)   Writing objects:  87% (7/8)   Writing objects: 100% (8/8)   Writing objects: 100% (8/8), 1.99 KiB | 1.99 MiB/s, done.
Total 8 (delta 0), reused 0 (delta 0)
To https://github.com/sumankum/devops.git
   8ecce03..7027372  master -> master
Branch 'master' set up to track remote branch 'master' from 'origin'.
]0;root@ip-172-31-28-177:/home/ec2-user[root@ip-172-31-28-177 ec2-user]# cd test/
]0;root@ip-172-31-28-177:/home/ec2-user/test[root@ip-172-31-28-177 test]# cd ..
]0;root@ip-172-31-28-177:/home/ec2-user[root@ip-172-31-28-177 ec2-user]# git add .
]0;root@ip-172-31-28-177:/home/ec2-user[root@ip-172-31-28-177 ec2-user]# git add .[4Pcd ..test/git push -u origin mastercommit -m "dir commit"1"
[master 3c2a07b] dir commit1
 1 file changed, 70 insertions(+), 1 deletion(-)
]0;root@ip-172-31-28-177:/home/ec2-user[root@ip-172-31-28-177 ec2-user]# ls
README.md  [0m[01;34mtest[0m  typescript
]0;root@ip-172-31-28-177:/home/ec2-user[root@ip-172-31-28-177 ec2-user]# ls -la
total 24
drwx------ 5 ec2-user ec2-user  133 Mar 19 05:17 [0m[01;34m.[0m
drwxr-xr-x 3 root     root       22 Mar 10 04:05 [01;34m..[0m
-rw-r--r-- 1 ec2-user ec2-user   18 Jul 27  2018 .bash_logout
-rw-r--r-- 1 ec2-user ec2-user  193 Jul 27  2018 .bash_profile
-rw-r--r-- 1 ec2-user ec2-user  231 Jul 27  2018 .bashrc
drwxr-xr-x 8 root     root      166 Mar 19 05:28 [01;34m.git[0m
-rw-r--r-- 1 root     root        9 Mar 19 05:09 README.md
drwx------ 2 ec2-user ec2-user   29 Mar 18 15:58 [01;34m.ssh[0m
drwxr-xr-x 2 root     root        6 Mar 19 05:17 [01;34mtest[0m
-rw-r--r-- 1 root     root     8192 Mar 19 05:25 typescript
]0;root@ip-172-31-28-177:/home/ec2-user[root@ip-172-31-28-177 ec2-user]# ls
README.md  [0m[01;34mtest[0m  typescript
]0;root@ip-172-31-28-177:/home/ec2-user[root@ip-172-31-28-177 ec2-user]# cd test/
]0;root@ip-172-31-28-177:/home/ec2-user/test[root@ip-172-31-28-177 test]# cat "suman" > suman
cat: suman: input file is output file
]0;root@ip-172-31-28-177:/home/ec2-user/test[root@ip-172-31-28-177 test]# cat "suman" > suman> suman
cat: suman: input file is output file
]0;root@ip-172-31-28-177:/home/ec2-user/test[root@ip-172-31-28-177 test]# cat "suman" >> suman[K[K[K[K[K[K[K[K[K[K[K[K[K[K[K[Ksuman
]0;root@ip-172-31-28-177:/home/ec2-user/test[root@ip-172-31-28-177 test]# cat suman>suman suman
hi test
d]0;root@ip-172-31-28-177:/home/ec2-user/test[root@ip-172-31-28-177 test]# cat > suman[2Psuman
hi test
d]0;root@ip-172-31-28-177:/home/ec2-user/test[root@ip-172-31-28-177 test]# cd ..
]0;root@ip-172-31-28-177:/home/ec2-user[root@ip-172-31-28-177 ec2-user]# cd ..at suman> suman[2Psuman"suman" >> suman[1P suman[11Pd test/ls[K -la[Kgit commit -m "dir commit1"add .[K
]0;root@ip-172-31-28-177:/home/ec2-user[root@ip-172-31-28-177 ec2-user]# git add .[4Pcd ..at suman> suman[2Psuman"suman" >> suman[1P suman[11Pd test/ls[K -la[Kgit commit -m "dir commit1"[1P"2"[C
[master 779301d] dir commit2
 1 file changed, 2 insertions(+)
 create mode 100644 test/suman
]0;root@ip-172-31-28-177:/home/ec2-user[root@ip-172-31-28-177 ec2-user]